// Jest Snapshot v1, https://goo.gl/fbAQLP

exports[`should render Header correctly 1`] = `
<header>
  <h3>
    Expensify
  </h3>
  <NavLink
    activeClassName="is-active"
    ariaCurrent="true"
    exact={true}
    to="/"
  >
    <p>
      Dashboard
    </p>
  </NavLink>
  <NavLink
    activeClassName="is-active"
    ariaCurrent="true"
    to="/create"
  >
    <p>
      Add Expense
    </p>
  </NavLink>
  <button
    onClick={[Function]}
  >
    Logout
  </button>
</header>
`;
